// Jest Snapshot v1, https://goo.gl/fbAQLP

exports[`<App/> - Main Container of Application Initial State of App renders <App/> correctly 1`] = `
<div>
  <h1>
    Wages
  </h1>
  <label
    htmlFor="number-input"
  >
    <input
      id="number-input"
    />
  </label>
  <div>
    <h2>
      Wages Component
    </h2>
  </div>
</div>
`;
